DEBUG:root:hello
INFO:engineio:Server initialized for eventlet.
INFO:engineio:Server initialized for eventlet.
INFO:engineio:Server initialized for eventlet.
INFO:engineio:Server initialized for eventlet.
DEBUG:root:hello
INFO:engineio:Server initialized for eventlet.
INFO:engineio:Server initialized for eventlet.
INFO:engineio:Server initialized for eventlet.
INFO:engineio:Server initialized for eventlet.
INFO:engineio:Server initialized for eventlet.
INFO:engineio:Server initialized for eventlet.
