INFO:engineio:Server initialized for eventlet.
INFO:engineio:Server initialized for eventlet.
INFO:engineio:Server initialized for eventlet.
INFO:engineio:Server initialized for eventlet.
DEBUG:root:<!DOCTYPE HTML PUBLIC "-//W3C//DTD HTML 3.2 Final//EN">
<title>Redirecting...</title>
<h1>Redirecting...</h1>
<p>You should be redirected automatically to target URL: <a href="/">/</a>.  If not click the link.
INFO:engineio:Server initialized for eventlet.
